---
source: fastrace/tests/lib.rs
expression: graph
---
root []
    cross-thread []
        iter-span-0 [("tmp_property", "tmp_value")]
        iter-span-1 [("tmp_property", "tmp_value")]
        rec-span []
            rec-span []
    cross-thread []
        iter-span-0 [("tmp_property", "tmp_value")]
        iter-span-1 [("tmp_property", "tmp_value")]
        rec-span []
            rec-span []
    cross-thread []
        iter-span-0 [("tmp_property", "tmp_value")]
        iter-span-1 [("tmp_property", "tmp_value")]
        rec-span []
            rec-span []
    cross-thread []
        iter-span-0 [("tmp_property", "tmp_value")]
        iter-span-1 [("tmp_property", "tmp_value")]
        rec-span []
            rec-span []
    iter-span-0 [("tmp_property", "tmp_value")]
    iter-span-1 [("tmp_property", "tmp_value")]
    rec-span []
        rec-span []
